[marketifythemes.net/html/kioto/index.html]
[backblue.gif]
[fade.gif]
[index.html]
[marketifythemes.net/html/kioto/css/plugins.css]
[marketifythemes.net/html/kioto/css/modalbox.css]
[marketifythemes.net/html/kioto/css/style.css]
[marketifythemes.net/html/kioto/img/logo/dark.png]
[marketifythemes.net/html/kioto/img/thumbs/3-4.jpg]
[marketifythemes.net/html/kioto/img/about/3.jpg]
[marketifythemes.net/html/kioto/img/cv/1.jpg]
[marketifythemes.net/html/kioto/img/partners/amazon.png]
[marketifythemes.net/html/kioto/img/partners/slack.png]
[marketifythemes.net/html/kioto/img/partners/google.png]
[marketifythemes.net/html/kioto/img/partners/linkedin.png]
[marketifythemes.net/html/kioto/img/partners/walmart.png]
[marketifythemes.net/html/kioto/img/thumbs/1-1.jpg]
[marketifythemes.net/html/kioto/img/portfolio/3.jpg]
[marketifythemes.net/html/kioto/img/svg/social/behance.svg]
[marketifythemes.net/html/kioto/img/svg/social/tik-tok.svg]
[marketifythemes.net/html/kioto/img/svg/social/facebook.svg]
[marketifythemes.net/html/kioto/img/svg/social/dribbble.svg]
[marketifythemes.net/html/kioto/img/portfolio/4.jpg]
[marketifythemes.net/html/kioto/img/portfolio/5.jpg]
[marketifythemes.net/html/kioto/img/testimonials/1.jpg]
[marketifythemes.net/html/kioto/img/testimonials/2.jpg]
[marketifythemes.net/html/kioto/img/testimonials/3.jpg]
[marketifythemes.net/html/kioto/img/svg/anchor.svg]
[marketifythemes.net/html/kioto/img/svg/web.svg]
[marketifythemes.net/html/kioto/img/svg/physics.svg]
[marketifythemes.net/html/kioto/img/svg/star.svg]
[marketifythemes.net/html/kioto/img/svg/diagram.svg]
[marketifythemes.net/html/kioto/img/svg/contact.svg]
[marketifythemes.net/html/kioto/img/portfolio/1.jpg]
[marketifythemes.net/html/kioto/img/portfolio/2.jpg]
[marketifythemes.net/html/kioto/img/svg/social/twitter.svg]
[marketifythemes.net/html/kioto/img/svg/social/instagram.svg]
[marketifythemes.net/html/kioto/img/thumbs/4-2.jpg]
[marketifythemes.net/html/kioto/img/portfolio/6.jpg]
[marketifythemes.net/html/kioto/img/portfolio/7.jpg]
[marketifythemes.net/html/kioto/img/news/1.jpg]
[marketifythemes.net/html/kioto/img/news/2.jpg]
[marketifythemes.net/html/kioto/img/news/3.jpg]
[marketifythemes.net/html/kioto/img/news/4.jpg]
[marketifythemes.net/html/kioto/img/svg/location.svg]
[marketifythemes.net/html/kioto/img/svg/call.svg]
[marketifythemes.net/html/kioto/img/svg/mail-2.svg]
[marketifythemes.net/html/kioto/img/svg/social.svg]
[marketifythemes.net/cdn-cgi/scripts/5c5dd728/cloudflare-static/email-decode.min.js]
[marketifythemes.net/html/kioto/js/jquery.js]
[marketifythemes.net/html/kioto/js/plugins.js]
[marketifythemes.net/html/kioto/js/contact.form.js]
[marketifythemes.net/html/kioto/index.html]
[marketifythemes.net/html/kioto/js/init.js]
[marketifythemes.net/html/kioto/css/font/fontello08ae.eot]
[marketifythemes.net/html/kioto/css/font/fontello08ae.woff2]
[marketifythemes.net/html/kioto/css/font/fontello08ae.woff]
[marketifythemes.net/html/kioto/css/font/fontello08ae.ttf]
[marketifythemes.net/html/kioto/css/font/fontello08ae.svg]
[marketifythemes.net/html/kioto/css/owl.video.play.png]
[marketifythemes.net/html/kioto/css/plugins.css]
[marketifythemes.net/html/kioto/css/modalbox.css]
[marketifythemes.net/html/kioto/css/style.css]
[marketifythemes.net/html/kioto/img/svg/social/behance.svg]
[marketifythemes.net/html/kioto/img/svg/social/tik-tok.svg]
[marketifythemes.net/html/kioto/img/svg/social/facebook.svg]
[marketifythemes.net/html/kioto/img/svg/social/dribbble.svg]
[marketifythemes.net/html/kioto/img/svg/anchor.svg]
[marketifythemes.net/html/kioto/img/svg/web.svg]
[marketifythemes.net/html/kioto/img/svg/physics.svg]
[marketifythemes.net/html/kioto/img/svg/star.svg]
[marketifythemes.net/html/kioto/img/svg/diagram.svg]
[marketifythemes.net/html/kioto/img/svg/contact.svg]
[marketifythemes.net/html/kioto/img/svg/social/twitter.svg]
[marketifythemes.net/html/kioto/img/svg/social/instagram.svg]
[marketifythemes.net/html/kioto/img/svg/location.svg]
[marketifythemes.net/html/kioto/img/svg/call.svg]
[marketifythemes.net/html/kioto/img/svg/mail-2.svg]
[marketifythemes.net/html/kioto/img/svg/social.svg]
[marketifythemes.net/html/kioto/js/jquery.js]
[marketifythemes.net/html/kioto/true/index.html]
[marketifythemes.net/html/kioto/GET]
[marketifythemes.net/html/kioto/Error pJS - No image.src]
[marketifythemes.net/html/kioto/js/plugins.js]
[marketifythemes.net/html/kioto/js/contact.form.js]
[marketifythemes.net/html/kioto/img.svg]
[marketifythemes.net/html/kioto/js/init.js]
[marketifythemes.net/html/kioto/css/font/fontello08ae.svg]
[marketifythemes.net/html/kioto/css/owl.video.play.html]
[marketifythemes.net/html/kioto/true/index.html]
[marketifythemes.net/html/kioto/GET.html]
[marketifythemes.net/html/kioto/Error pJS - No image.html]
[marketifythemes.net/html/kioto/img.html]
